========================================
Gerador de Executavel - Print Agent
========================================

[1/4] Verificando Python...
Python 3.13.7

[2/4] Instalando PyInstaller...
.\build.bat : 
No linha:1 caractere:1
+ .\build.bat > build-output.txt 2>&1 ; if ($LASTEXITCODE -ne 0) { exit ...
+ ~~~~~~~~~~~~~~~~~~~~~~~~~~~~~~~~~~~
    + CategoryInfo          : NotSpecified: (:String) [], RemoteException
    + FullyQualifiedErrorId : NativeCommandError
 
[notice] A new release of pip is available: 26.0.1 -> 26.1.2
[notice] To update, run: python.exe -m pip install --upgrade pip

[3/4] Limpando builds anteriores...

[4/4] Gerando executavel...
1033 INFO: PyInstaller: 6.19.0, contrib hooks: 2026.1
1034 INFO: Python: 3.13.7
1206 INFO: Platform: Windows-11-10.0.26200-SP0
1206 INFO: Python environment: C:\Python313
1208 INFO: wrote C:\dev\t3PrintAgent\PrintAgent.spec
1215 INFO: Removing temporary files and cleaning cache in 
C:\Users\Andrews\AppData\Local\pyinstaller
6433 INFO: Module search paths (PYTHONPATH):
['C:\\dev\\t3PrintAgent',
 'C:\\Python313\\python313.zip',
 'C:\\Python313\\DLLs',
 'C:\\Python313\\Lib',
 'C:\\Python313',
 'C:\\Users\\Andrews\\AppData\\Roaming\\Python\\Python313\\site-packages',
 'C:\\Python313\\Lib\\site-packages',
 'C:\\dev\\t3PrintAgent']
8826 INFO: checking Analysis
8828 INFO: Building Analysis because Analysis-00.toc is non existent
8829 INFO: Looking for Python shared library...
8829 INFO: Using Python shared library: C:\Python313\python313.dll
8829 INFO: Running Analysis Analysis-00.toc
8829 INFO: Target bytecode optimization level: 0
8829 INFO: Initializing module dependency graph...
8834 INFO: Initializing module graph hook caches...
8963 INFO: Analyzing modules for base_library.zip ...
12753 INFO: Processing standard module hook 'hook-heapq.py' from 'C:\\Users\\An
drews\\AppData\\Roaming\\Python\\Python313\\site-packages\\PyInstaller\\hooks'
13479 INFO: Processing standard module hook 'hook-encodings.py' from 'C:\\Users
\\Andrews\\AppData\\Roaming\\Python\\Python313\\site-packages\\PyInstaller\\hoo
ks'
20839 INFO: Processing standard module hook 'hook-pickle.py' from 'C:\\Users\\A
ndrews\\AppData\\Roaming\\Python\\Python313\\site-packages\\PyInstaller\\hooks'
23858 INFO: Caching module dependency graph...
23931 INFO: Analyzing C:\dev\t3PrintAgent\agent.py
24429 INFO: Processing standard module hook 'hook-multiprocessing.util.py' 
from 'C:\\Users\\Andrews\\AppData\\Roaming\\Python\\Python313\\site-packages\\P
yInstaller\\hooks'
24907 INFO: Processing standard module hook 'hook-xml.py' from 'C:\\Users\\Andr
ews\\AppData\\Roaming\\Python\\Python313\\site-packages\\PyInstaller\\hooks'
25597 INFO: Processing standard module hook 'hook-_ctypes.py' from 'C:\\Users\\
Andrews\\AppData\\Roaming\\Python\\Python313\\site-packages\\PyInstaller\\hooks
'
26698 INFO: Processing standard module hook 'hook-cryptography.py' from 'C:\\Us
ers\\Andrews\\AppData\\Roaming\\Python\\Python313\\site-packages\\_pyinstaller_
hooks_contrib\\stdhooks'
30208 INFO: hook-cryptography: cryptography does not seem to be using 
dynamically linked OpenSSL.
30875 INFO: Processing standard module hook 'hook-platform.py' from 'C:\\Users\
\Andrews\\AppData\\Roaming\\Python\\Python313\\site-packages\\PyInstaller\\hook
s'
31666 INFO: Processing standard module hook 'hook-urllib3.py' from 'C:\\Users\\
Andrews\\AppData\\Roaming\\Python\\Python313\\site-packages\\_pyinstaller_hooks
_contrib\\stdhooks'
31888 INFO: Processing pre-safe-import-module hook 'hook-backports.py' from 'C:
\\Users\\Andrews\\AppData\\Roaming\\Python\\Python313\\site-packages\\PyInstall
er\\hooks\\pre_safe_import_module'
31893 INFO: SetuptoolsInfo: initializing cached setuptools info...
33819 INFO: Setuptools: 'backports' appears to be a full setuptools-vendored 
copy - creating alias to 'setuptools._vendor.backports'!
33832 INFO: Processing standard module hook 'hook-setuptools.py' from 'C:\\User
s\\Andrews\\AppData\\Roaming\\Python\\Python313\\site-packages\\PyInstaller\\ho
oks'
33858 INFO: Processing pre-safe-import-module hook 'hook-distutils.py' from 'C:
\\Users\\Andrews\\AppData\\Roaming\\Python\\Python313\\site-packages\\PyInstall
er\\hooks\\pre_safe_import_module'
33954 INFO: Processing standard module hook 'hook-sysconfig.py' from 'C:\\Users
\\Andrews\\AppData\\Roaming\\Python\\Python313\\site-packages\\PyInstaller\\hoo
ks'
33963 INFO: Processing pre-safe-import-module hook 'hook-jaraco.py' from 'C:\\U
sers\\Andrews\\AppData\\Roaming\\Python\\Python313\\site-packages\\PyInstaller\
\hooks\\pre_safe_import_module'
33964 INFO: Setuptools: 'jaraco' appears to be a full setuptools-vendored copy 
- creating alias to 'setuptools._vendor.jaraco'!
33990 INFO: Processing pre-safe-import-module hook 'hook-more_itertools.py' 
from 'C:\\Users\\Andrews\\AppData\\Roaming\\Python\\Python313\\site-packages\\P
yInstaller\\hooks\\pre_safe_import_module'
33991 INFO: Setuptools: 'more_itertools' appears to be a setuptools-vendored 
copy - creating alias to 'setuptools._vendor.more_itertools'!
34249 INFO: Processing pre-safe-import-module hook 'hook-typing_extensions.py' 
from 'C:\\Users\\Andrews\\AppData\\Roaming\\Python\\Python313\\site-packages\\P
yInstaller\\hooks\\pre_safe_import_module'
34673 INFO: Processing pre-safe-import-module hook 'hook-packaging.py' from 'C:
\\Users\\Andrews\\AppData\\Roaming\\Python\\Python313\\site-packages\\PyInstall
er\\hooks\\pre_safe_import_module'
34995 INFO: Processing standard module hook 
'hook-setuptools._vendor.jaraco.text.py' from 'C:\\Users\\Andrews\\AppData\\Roa
ming\\Python\\Python313\\site-packages\\PyInstaller\\hooks'
34999 INFO: Processing pre-safe-import-module hook 
'hook-importlib_resources.py' from 'C:\\Users\\Andrews\\AppData\\Roaming\\Pytho
n\\Python313\\site-packages\\PyInstaller\\hooks\\pre_safe_import_module'
35749 INFO: Processing pre-safe-import-module hook 
'hook-importlib_metadata.py' from 'C:\\Users\\Andrews\\AppData\\Roaming\\Python
\\Python313\\site-packages\\PyInstaller\\hooks\\pre_safe_import_module'
35751 INFO: Setuptools: 'importlib_metadata' appears to be a 
setuptools-vendored copy - creating alias to 
'setuptools._vendor.importlib_metadata'!
35800 INFO: Processing standard module hook 
'hook-setuptools._vendor.importlib_metadata.py' from 'C:\\Users\\Andrews\\AppDa
ta\\Roaming\\Python\\Python313\\site-packages\\PyInstaller\\hooks'
35854 INFO: Processing pre-safe-import-module hook 'hook-zipp.py' from 'C:\\Use
rs\\Andrews\\AppData\\Roaming\\Python\\Python313\\site-packages\\PyInstaller\\h
ooks\\pre_safe_import_module'
35856 INFO: Setuptools: 'zipp' appears to be a setuptools-vendored copy - 
creating alias to 'setuptools._vendor.zipp'!
36395 INFO: Processing pre-safe-import-module hook 'hook-tomli.py' from 'C:\\Us
ers\\Andrews\\AppData\\Roaming\\Python\\Python313\\site-packages\\PyInstaller\\
hooks\\pre_safe_import_module'
36398 INFO: Setuptools: 'tomli' appears to be a setuptools-vendored copy - 
creating alias to 'setuptools._vendor.tomli'!
37536 INFO: Processing pre-safe-import-module hook 'hook-wheel.py' from 'C:\\Us
ers\\Andrews\\AppData\\Roaming\\Python\\Python313\\site-packages\\PyInstaller\\
hooks\\pre_safe_import_module'
37546 INFO: Setuptools: 'wheel' appears to be a setuptools-vendored copy - 
creating alias to 'setuptools._vendor.wheel'!
39339 INFO: Processing standard module hook 'hook-certifi.py' from 'C:\\Users\\
Andrews\\AppData\\Roaming\\Python\\Python313\\site-packages\\_pyinstaller_hooks
_contrib\\stdhooks'
39498 INFO: Processing standard module hook 'hook-charset_normalizer.py' from '
C:\\Users\\Andrews\\AppData\\Roaming\\Python\\Python313\\site-packages\\_pyinst
aller_hooks_contrib\\stdhooks'
40974 INFO: Processing standard module hook 'hook-anyio.py' from 'C:\\Users\\An
drews\\AppData\\Roaming\\Python\\Python313\\site-packages\\_pyinstaller_hooks_c
ontrib\\stdhooks'
43949 INFO: Processing standard module hook 'hook-numpy.py' from 'C:\\Users\\An
drews\\AppData\\Roaming\\Python\\Python313\\site-packages\\PyInstaller\\hooks'
44813 INFO: Processing standard module hook 'hook-difflib.py' from 'C:\\Users\\
Andrews\\AppData\\Roaming\\Python\\Python313\\site-packages\\PyInstaller\\hooks
'
49842 INFO: Processing standard module hook 'hook-grpc.py' from 'C:\\Users\\And
rews\\AppData\\Roaming\\Python\\Python313\\site-packages\\_pyinstaller_hooks_co
ntrib\\stdhooks'
50521 INFO: Processing standard module hook 'hook-google.api_core.py' from 'C:\
\Users\\Andrews\\AppData\\Roaming\\Python\\Python313\\site-packages\\_pyinstall
er_hooks_contrib\\stdhooks'
52369 INFO: Processing standard module hook 'hook-reportlab.lib.utils.py' from 
'C:\\Users\\Andrews\\AppData\\Roaming\\Python\\Python313\\site-packages\\_pyins
taller_hooks_contrib\\stdhooks'
52475 INFO: Processing standard module hook 'hook-PIL.py' from 'C:\\Users\\Andr
ews\\AppData\\Roaming\\Python\\Python313\\site-packages\\PyInstaller\\hooks'
52675 INFO: Processing standard module hook 'hook-PIL.Image.py' from 'C:\\Users
\\Andrews\\AppData\\Roaming\\Python\\Python313\\site-packages\\PyInstaller\\hoo
ks'
53656 INFO: Processing standard module hook 'hook-xml.etree.cElementTree.py' 
from 'C:\\Users\\Andrews\\AppData\\Roaming\\Python\\Python313\\site-packages\\P
yInstaller\\hooks'
53995 INFO: Processing standard module hook 'hook-PIL.ImageFilter.py' from 'C:\
\Users\\Andrews\\AppData\\Roaming\\Python\\Python313\\site-packages\\PyInstalle
r\\hooks'
54540 INFO: Processing standard module hook 
'hook-reportlab.pdfbase._fontdata.py' from 'C:\\Users\\Andrews\\AppData\\Roamin
g\\Python\\Python313\\site-packages\\_pyinstaller_hooks_contrib\\stdhooks'
59122 INFO: Processing standard module hook 'hook-xml.dom.domreg.py' from 'C:\\
Users\\Andrews\\AppData\\Roaming\\Python\\Python313\\site-packages\\PyInstaller
\\hooks'
60545 INFO: Processing standard module hook 'hook-pycparser.py' from 'C:\\Users
\\Andrews\\AppData\\Roaming\\Python\\Python313\\site-packages\\_pyinstaller_hoo
ks_contrib\\stdhooks'
62036 INFO: Processing standard module hook 'hook-dateutil.py' from 'C:\\Users\
\Andrews\\AppData\\Roaming\\Python\\Python313\\site-packages\\_pyinstaller_hook
s_contrib\\stdhooks'
62308 INFO: Processing pre-safe-import-module hook 'hook-six.moves.py' from 'C:
\\Users\\Andrews\\AppData\\Roaming\\Python\\Python313\\site-packages\\PyInstall
er\\hooks\\pre_safe_import_module'
62964 INFO: Processing standard module hook 'hook-zoneinfo.py' from 'C:\\Users\
\Andrews\\AppData\\Roaming\\Python\\Python313\\site-packages\\_pyinstaller_hook
s_contrib\\stdhooks'
63207 INFO: Processing standard module hook 'hook-lxml.py' from 'C:\\Users\\And
rews\\AppData\\Roaming\\Python\\Python313\\site-packages\\_pyinstaller_hooks_co
ntrib\\stdhooks'
64081 INFO: Processing standard module hook 'hook-lxml.etree.py' from 'C:\\User
s\\Andrews\\AppData\\Roaming\\Python\\Python313\\site-packages\\_pyinstaller_ho
oks_contrib\\stdhooks'
70893 INFO: Processing standard module hook 'hook-tinycss2.py' from 'C:\\Users\
\Andrews\\AppData\\Roaming\\Python\\Python313\\site-packages\\_pyinstaller_hook
s_contrib\\stdhooks'
71459 INFO: Analyzing hidden import 'pisa'
71459 ERROR: Hidden import 'pisa' not found
71459 INFO: Analyzing hidden import 'charset_normalizer.__main__'
71480 INFO: Analyzing hidden import 'xhtml2pdf.pdf'
71485 INFO: Analyzing hidden import 'xhtml2pdf.wsgi'
71491 INFO: Analyzing hidden import 'reportlab.graphics.barcode.code128'
71522 INFO: Analyzing hidden import 'reportlab.graphics.barcode.code39'
71532 INFO: Analyzing hidden import 'reportlab.graphics.barcode.code93'
71553 INFO: Analyzing hidden import 
'reportlab.graphics.barcode.ecc200datamatrix'
71586 INFO: Analyzing hidden import 'reportlab.graphics.barcode.fourstate'
71590 INFO: Analyzing hidden import 'reportlab.graphics.barcode.lto'
71605 INFO: Analyzing hidden import 'reportlab.graphics.barcode.test'
71665 INFO: Analyzing hidden import 'reportlab.graphics.charts.dotbox'
71766 INFO: Analyzing hidden import 'reportlab.graphics.charts.markers'
71772 INFO: Analyzing hidden import 'reportlab.graphics.charts.slidebox'
71786 INFO: Analyzing hidden import 'reportlab.graphics.charts.spider'
71813 INFO: Analyzing hidden import 'reportlab.graphics.samples'
71814 INFO: Analyzing hidden import 'reportlab.graphics.samples.bubble'
71827 INFO: Analyzing hidden import 'reportlab.graphics.samples.clustered_bar'
71836 INFO: Analyzing hidden import 
'reportlab.graphics.samples.clustered_column'
71844 INFO: Analyzing hidden import 'reportlab.graphics.samples.exploded_pie'
71851 INFO: Analyzing hidden import 'reportlab.graphics.samples.filled_radar'
71857 INFO: Analyzing hidden import 'reportlab.graphics.samples.line_chart'
71867 INFO: Analyzing hidden import 
'reportlab.graphics.samples.linechart_with_markers'
71878 INFO: Analyzing hidden import 'reportlab.graphics.samples.radar'
71885 INFO: Analyzing hidden import 'reportlab.graphics.samples.runall'
71891 INFO: Analyzing hidden import 'reportlab.graphics.samples.scatter'
71900 INFO: Analyzing hidden import 'reportlab.graphics.samples.scatter_lines'
71910 INFO: Analyzing hidden import 
'reportlab.graphics.samples.scatter_lines_markers'
71920 INFO: Analyzing hidden import 'reportlab.graphics.samples.simple_pie'
71926 INFO: Analyzing hidden import 'reportlab.graphics.samples.stacked_bar'
71935 INFO: Analyzing hidden import 'reportlab.graphics.samples.stacked_column'
71942 INFO: Analyzing hidden import 'reportlab.graphics.svgpath'
71971 INFO: Analyzing hidden import 'reportlab.graphics.testdrawings'
71975 INFO: Analyzing hidden import 
'reportlab.graphics.widgets.adjustableArrow'
71984 INFO: Analyzing hidden import 'reportlab.graphics.widgets.eventcal'
71999 INFO: Analyzing hidden import 'reportlab.graphics.widgets.table'
72011 INFO: Analyzing hidden import 'reportlab.lib.codecharts'
72032 INFO: Analyzing hidden import 'reportlab.lib.extformat'
72039 INFO: Analyzing hidden import 'reportlab.lib.fontfinder'
72057 INFO: Analyzing hidden import 'reportlab.lib.pygments2xpre'
72065 INFO: Analyzing hidden import 'reportlab.lib.testutils'
72090 INFO: Analyzing hidden import 'reportlab.lib.yaml'
72100 INFO: Analyzing hidden import 'reportlab.pdfbase._can_cmap_data'
72105 INFO: Analyzing hidden import 'reportlab.platypus.figures'
72139 INFO: Analyzing hidden import 'reportlab.platypus.para'
72269 INFO: Processing module hooks (post-graph stage)...
72618 WARNING: Hidden import "charset_normalizer.md__mypyc" not found!
72997 INFO: Processing standard module hook 'hook-lxml.isoschematron.py' from '
C:\\Users\\Andrews\\AppData\\Roaming\\Python\\Python313\\site-packages\\_pyinst
aller_hooks_contrib\\stdhooks'
73030 WARNING: Hidden import "pycparser.lextab" not found!
73030 WARNING: Hidden import "pycparser.yacctab" not found!
73031 INFO: Processing standard module hook 'hook-tinycss2.py' from 'C:\\Users\
\Andrews\\AppData\\Roaming\\Python\\Python313\\site-packages\\_pyinstaller_hook
s_contrib\\stdhooks'
73895 INFO: Processing standard module hook 'hook-PIL.SpiderImagePlugin.py' 
from 'C:\\Users\\Andrews\\AppData\\Roaming\\Python\\Python313\\site-packages\\P
yInstaller\\hooks'
74053 INFO: Processing standard module hook 'hook-lxml.objectify.py' from 'C:\\
Users\\Andrews\\AppData\\Roaming\\Python\\Python313\\site-packages\\_pyinstalle
r_hooks_contrib\\stdhooks'
74055 INFO: Processing standard module hook 'hook-tzdata.py' from 'C:\\Users\\A
ndrews\\AppData\\Roaming\\Python\\Python313\\site-packages\\_pyinstaller_hooks_
contrib\\stdhooks'
75588 INFO: Performing binary vs. data reclassification (647 entries)
75930 INFO: Looking for ctypes DLLs
76053 INFO: Analyzing run-time hooks ...
76066 INFO: Including run-time hook 'pyi_rth_inspect.py' from 'C:\\Users\\Andre
ws\\AppData\\Roaming\\Python\\Python313\\site-packages\\PyInstaller\\hooks\\rth
ooks'
76073 INFO: Including run-time hook 'pyi_rth_pkgutil.py' from 'C:\\Users\\Andre
ws\\AppData\\Roaming\\Python\\Python313\\site-packages\\PyInstaller\\hooks\\rth
ooks'
76080 INFO: Including run-time hook 'pyi_rth_multiprocessing.py' from 'C:\\User
s\\Andrews\\AppData\\Roaming\\Python\\Python313\\site-packages\\PyInstaller\\ho
oks\\rthooks'
76086 INFO: Including run-time hook 'pyi_rth_cryptography_openssl.py' from 'C:\
\Users\\Andrews\\AppData\\Roaming\\Python\\Python313\\site-packages\\_pyinstall
er_hooks_contrib\\rthooks'
76090 INFO: Including run-time hook 'pyi_rth_setuptools.py' from 'C:\\Users\\An
drews\\AppData\\Roaming\\Python\\Python313\\site-packages\\PyInstaller\\hooks\\
rthooks'
76164 INFO: Creating base_library.zip...
76227 INFO: Looking for dynamic libraries
83177 INFO: Extra DLL search directories (AddDllDirectory): ['C:\\Users\\Andrew
s\\AppData\\Roaming\\Python\\Python313\\site-packages\\numpy.libs']
83177 INFO: Extra DLL search directories (PATH): []
84204 INFO: Warnings written to 
C:\dev\t3PrintAgent\build\PrintAgent\warn-PrintAgent.txt
84442 INFO: Graph cross-reference written to 
C:\dev\t3PrintAgent\build\PrintAgent\xref-PrintAgent.html
84549 INFO: checking PYZ
84549 INFO: Building PYZ because PYZ-00.toc is non existent
84550 INFO: Building PYZ (ZlibArchive) 
C:\dev\t3PrintAgent\build\PrintAgent\PYZ-00.pyz
87086 INFO: Building PYZ (ZlibArchive) 
C:\dev\t3PrintAgent\build\PrintAgent\PYZ-00.pyz completed successfully.
87179 INFO: checking PKG
87179 INFO: Building PKG because PKG-00.toc is non existent
87179 INFO: Building PKG (CArchive) PrintAgent.pkg
104865 INFO: Building PKG (CArchive) PrintAgent.pkg completed successfully.
104891 INFO: Bootloader C:\Users\Andrews\AppData\Roaming\Python\Python313\site-
packages\PyInstaller\bootloader\Windows-64bit-intel\run.exe
104891 INFO: checking EXE
104892 INFO: Building EXE because EXE-00.toc is non existent
104892 INFO: Building EXE from EXE-00.toc
104894 INFO: Copying bootloader EXE to C:\dev\t3PrintAgent\dist\PrintAgent.exe
105092 INFO: Copying icon to EXE
105258 INFO: Copying 0 resources to EXE
105258 INFO: Embedding manifest in EXE
105415 INFO: Appending PKG archive to EXE
105980 INFO: Fixing EXE headers
107112 INFO: Building EXE from EXE-00.toc completed successfully.
107135 INFO: Build complete! The results are available in: 
C:\dev\t3PrintAgent\dist

========================================
Executavel gerado com sucesso!
========================================

Localizacao: dist\PrintAgent.exe

Para enviar ao cliente, crie um pacote com:
  1. PrintAgent.exe
  2. config.json (ou config.json.example como modelo)
  3. SumatraPDF.exe (opcional - pode instalar separadamente)
  4. README.md (instrucoes de uso)

O cliente precisara:
  - Windows 10 ou superior
  - Configurar config.json com credenciais Firebase
  - Ter impressora configurada como padrao
  - SumatraPDF instalado OU SumatraPDF.exe na mesma pasta

